// Jest Snapshot v1, https://goo.gl/fbAQLP

exports[`Testing Intro container Sanity check Intro content 1`] = `
Object {
  "asFragment": [Function],
  "baseElement": <body>
    <div>
      <div
        class="text-center d-flex align-items-center min-vh-100 vw-100 col-lg col-md-10 offset-md-1"
        footer="[object Object]"
      >
        <div
          class="animated bounceIn"
          style="animation-delay: 500ms; animation-duration: 1000ms; pointer-events: all;"
        >
          <div
            class="card"
          >
            <div
              class="card-header"
            >
              <div
                class="col"
              />
            </div>
            <div
              class="card-body"
            >
              <div
                class="mb-2 col"
              />
              <div
                class="mt-4 mb-4 col"
                style="font-size: 120%;"
              >
                <h1
                  class="cursored"
                >
                  Hello, world...
                </h1>
                <div
                  class="cursor"
                />
                <div
                  class="mt-5 intro-text"
                >
                  You can navigate to my open-source 
                  <a
                    class="intro-nav-link"
                    href="#/projects"
                  >
                    Projects
                  </a>
                  , my 
                  <a
                    class="intro-nav-link"
                    href="#/contributions"
                  >
                    Contributions
                  </a>
                   to other projects,
                  <br />
                </div>
                <div
                  class="mt-2 intro-text"
                >
                  and if you're not a stalker feel free to browse my 
                  <a
                    class="intro-nav-link"
                    href="http://localhost/cv.pdf"
                    target="_link"
                  >
                    Resume
                  </a>
                </div>
              </div>
            </div>
            <div
              class="card-footer"
            >
              <div
                class="col"
              />
            </div>
          </div>
        </div>
      </div>
    </div>
  </body>,
  "container": <div>
    <div
      class="text-center d-flex align-items-center min-vh-100 vw-100 col-lg col-md-10 offset-md-1"
      footer="[object Object]"
    >
      <div
        class="animated bounceIn"
        style="animation-delay: 500ms; animation-duration: 1000ms; pointer-events: all;"
      >
        <div
          class="card"
        >
          <div
            class="card-header"
          >
            <div
              class="col"
            />
          </div>
          <div
            class="card-body"
          >
            <div
              class="mb-2 col"
            />
            <div
              class="mt-4 mb-4 col"
              style="font-size: 120%;"
            >
              <h1
                class="cursored"
              >
                Hello, world...
              </h1>
              <div
                class="cursor"
              />
              <div
                class="mt-5 intro-text"
              >
                You can navigate to my open-source 
                <a
                  class="intro-nav-link"
                  href="#/projects"
                >
                  Projects
                </a>
                , my 
                <a
                  class="intro-nav-link"
                  href="#/contributions"
                >
                  Contributions
                </a>
                 to other projects,
                <br />
              </div>
              <div
                class="mt-2 intro-text"
              >
                and if you're not a stalker feel free to browse my 
                <a
                  class="intro-nav-link"
                  href="http://localhost/cv.pdf"
                  target="_link"
                >
                  Resume
                </a>
              </div>
            </div>
          </div>
          <div
            class="card-footer"
          >
            <div
              class="col"
            />
          </div>
        </div>
      </div>
    </div>
  </div>,
  "debug": [Function],
  "findAllByAltText": [Function],
  "findAllByDisplayValue": [Function],
  "findAllByLabelText": [Function],
  "findAllByPlaceholderText": [Function],
  "findAllByRole": [Function],
  "findAllByTestId": [Function],
  "findAllByText": [Function],
  "findAllByTitle": [Function],
  "findByAltText": [Function],
  "findByDisplayValue": [Function],
  "findByLabelText": [Function],
  "findByPlaceholderText": [Function],
  "findByRole": [Function],
  "findByTestId": [Function],
  "findByText": [Function],
  "findByTitle": [Function],
  "getAllByAltText": [Function],
  "getAllByDisplayValue": [Function],
  "getAllByLabelText": [Function],
  "getAllByPlaceholderText": [Function],
  "getAllByRole": [Function],
  "getAllByTestId": [Function],
  "getAllByText": [Function],
  "getAllByTitle": [Function],
  "getByAltText": [Function],
  "getByDisplayValue": [Function],
  "getByLabelText": [Function],
  "getByPlaceholderText": [Function],
  "getByRole": [Function],
  "getByTestId": [Function],
  "getByText": [Function],
  "getByTitle": [Function],
  "queryAllByAltText": [Function],
  "queryAllByDisplayValue": [Function],
  "queryAllByLabelText": [Function],
  "queryAllByPlaceholderText": [Function],
  "queryAllByRole": [Function],
  "queryAllByTestId": [Function],
  "queryAllByText": [Function],
  "queryAllByTitle": [Function],
  "queryByAltText": [Function],
  "queryByDisplayValue": [Function],
  "queryByLabelText": [Function],
  "queryByPlaceholderText": [Function],
  "queryByRole": [Function],
  "queryByTestId": [Function],
  "queryByText": [Function],
  "queryByTitle": [Function],
  "rerender": [Function],
  "unmount": [Function],
}
`;
